# serializer version: 1
# name: test_in_one_fan_out_state_graph_waiting_edge_via_branch_with_cache[postgres]
  '''
  graph TD;
  	__start__ --> rewrite_query;
  	analyzer_one --> retriever_one;
  	qa --> __end__;
  	retriever_one --> qa;
  	retriever_two --> qa;
  	rewrite_query --> analyzer_one;
  	rewrite_query -.-> retriever_two;
  
  '''
# ---
# name: test_in_one_fan_out_state_graph_waiting_edge_via_branch_with_cache[postgres].1
  '''
  graph TD;
  	__start__ --> rewrite_query;
  	analyzer_one --> retriever_one;
  	qa --> __end__;
  	retriever_one --> qa;
  	retriever_two --> qa;
  	rewrite_query --> analyzer_one;
  	rewrite_query -.-> retriever_two;
  
  '''
# ---
# name: test_in_one_fan_out_state_graph_waiting_edge_via_branch_with_cache[postgres].2
  '''
  graph TD;
  	__start__ --> rewrite_query;
  	analyzer_one --> retriever_one;
  	qa --> __end__;
  	retriever_one --> qa;
  	retriever_two --> qa;
  	rewrite_query --> analyzer_one;
  	rewrite_query -.-> retriever_two;
  
  '''
# ---
# name: test_in_one_fan_out_state_graph_waiting_edge_via_branch_with_cache[postgres].3
  '''
  graph TD;
  	__start__ --> rewrite_query;
  	analyzer_one --> retriever_one;
  	qa --> __end__;
  	retriever_one --> qa;
  	retriever_two --> qa;
  	rewrite_query --> analyzer_one;
  	rewrite_query -.-> retriever_two;
  
  '''
# ---
